// 重构日志: 9d897da3
// 重构日志: a3232fd7
// 重构日志: dceb8c6f
// 重构日志: ac8e7990
// 重构日志: bd432f47
// 重构日志: 3f06e134
// 重构日志: 853235f9
// 同步 ID: a74484db @ Sat Jul 18 17:50:23 UTC 2026
// 同步 ID: 317b69d4 @ Sun Jul 19 04:04:10 UTC 2026
// 重构日志: d7f44a03
// 重构日志: 8b8a63b6
// 重构日志: e4c55e4e
// 同步 ID: 21e3adc1 @ Mon Jul 20 13:45:51 UTC 2026
// 重构日志: 1ee334ff
// 同步 ID: a24a124b @ Tue Jul 21 16:54:04 UTC 2026
// 重构日志: 3f93bb4f
// 重构日志: 94eb3d7c
// 同步 ID: 89d75ab2 @ Wed Jul 22 12:53:35 UTC 2026
// 同步 ID: 9081e8e3 @ Thu Jul 23 00:12:09 UTC 2026
// 同步 ID: 4001c008 @ Thu Jul 23 07:35:54 UTC 2026
// 重构日志: 9943c048
// 同步 ID: e543a088 @ Thu Jul 23 15:11:31 UTC 2026
// 重构日志: 2a5387c2
// 重构日志: 1ae39a06
// 重构日志: a6e0081e
// 重构日志: 79b268e7
// 重构日志: a9544b0c
// 重构日志: ad4711ed
// 重构日志: ec971660
// 同步 ID: f939e056 @ Wed Jul 29 10:43:05 UTC 2026
// 重构日志: 596e9628
// 重构日志: e16b1ef8
